Godot Engine v4.7.2.stable.official.ed1daf0bf - https://godotengine.org
Metal 4.0 - Forward+ - Using Device #0: Apple - Apple M1 Pro (Apple7)

[day1a] beat road t=0.0 h=11.5
[walk] t=19 beat=road carry= seated= pos=(-118.6,-0.0,20.6) path=5 want= prompt=
[day1a] beat sext_gate t=33.0 h=11.5
[walk] t=39 beat=sext_gate carry= seated= pos=(-110.8,-0.0,-8.5) path=1 want= prompt=
[walk] t=60 beat=sext_gate carry= seated= pos=(-109.9,-0.0,-8.6) path=0 want= prompt=
[day1a] beat gate_open t=60.4 h=11.85
[walk] t=78 beat=gate_open carry= seated= pos=(-99.3,-0.1,-8.5) path=0 want= prompt=
[walk] t=93 beat=gate_open carry= seated= pos=(-99.3,-0.1,-8.5) path=0 want= prompt=
[day1a] beat reception t=101.6 h=11.85
[walk] t=109 beat=reception carry=bedding seated= pos=(-100.1,-0.0,-7.9) path=0 want= prompt=
[walk] t=126 beat=reception carry=bedding seated= pos=(-100.1,-0.0,-7.9) path=0 want= prompt=
[walk] t=143 beat=reception carry=bedding seated= pos=(-100.1,-0.0,-7.9) path=0 want= prompt=
[walk] t=161 beat=reception carry=bedding seated= pos=(-100.1,-0.0,-7.9) path=0 want= prompt=
[walk] t=180 beat=reception carry=bedding seated= pos=(-100.1,-0.0,-7.9) path=0 want= prompt=
[day1a] beat to_cell t=181.3 h=12.25
[walk] t=196 beat=to_cell carry=bedding seated= pos=(-81.2,-0.2,-8.2) path=21 want= prompt=
[walk] t=211 beat=to_cell carry=bedding seated= pos=(-63.8,-0.1,-7.8) path=20 want= prompt=
[walk] t=226 beat=to_cell carry=bedding seated= pos=(-43.4,-0.1,-7.8) path=18 want= prompt=
[walk] t=242 beat=to_cell carry=bedding seated= pos=(-28.4,-0.2,3.3) path=15 want= prompt=
[walk] t=257 beat=to_cell carry=bedding seated= pos=(-28.3,-0.2,22.6) path=10 want= prompt=
[walk] t=274 beat=to_cell carry=bedding seated= pos=(-20.0,5.4,16.4) path=5 want=place_bedding prompt=
[day1a] autosave cell ok
[day1a] beat second_bundle t=280.2 h=12.25
[walk] t=290 beat=second_bundle carry= seated= pos=(-20.3,2.1,21.0) path=18 want= prompt=
[walk] t=305 beat=second_bundle carry= seated= pos=(-29.3,-0.2,12.5) path=11 want= prompt=
[walk] t=320 beat=second_bundle carry= seated= pos=(-37.5,-0.1,-7.3) path=7 want= prompt=
[walk] t=336 beat=second_bundle carry= seated= pos=(-62.7,-0.1,-8.0) path=4 want= prompt=
[walk] t=352 beat=second_bundle carry= seated= pos=(-87.8,-0.2,-8.3) path=2 want= prompt=
[walk] t=369 beat=second_bundle carry=chest seated= pos=(-82.5,-0.2,-8.2) path=22 want= prompt=
[walk] t=384 beat=second_bundle carry=chest seated= pos=(-64.5,-0.1,-8.0) path=21 want= prompt=
[walk] t=399 beat=second_bundle carry=chest seated= pos=(-46.5,-0.1,-7.9) path=19 want= prompt=
[walk] t=414 beat=second_bundle carry=chest seated= pos=(-30.8,-0.2,-1.1) path=18 want= prompt=
[walk] t=429 beat=second_bundle carry=chest seated= pos=(-27.8,-0.2,15.1) path=13 want= prompt=
[walk] t=444 beat=second_bundle carry=chest seated= pos=(-20.5,-0.0,23.9) path=7 want= prompt=
[day1a] beat meal t=459.9 h=12.25
[walk] t=462 beat=meal carry= seated= pos=(-16.0,6.2,16.8) path=1 want= prompt=
[walk] t=480 beat=meal carry= seated= pos=(-16.0,6.2,16.8) path=1 want= prompt=
[walk] t=499 beat=meal carry= seated= pos=(-16.0,6.2,16.8) path=1 want= prompt=
[walk] t=517 beat=meal carry= seated= pos=(-16.0,6.2,16.8) path=1 want= prompt=
[walk] t=534 beat=meal carry= seated=stool pos=(-16.3,6.2,16.2) path=3 want= prompt=eat_olives
[walk] t=551 beat=meal carry= seated= pos=(-16.7,6.2,16.5) path=1 want= prompt=sit_stool
[walk] t=570 beat=meal carry= seated= pos=(-15.1,6.2,16.6) path=1 want= prompt=
[walk] t=588 beat=meal carry= seated= pos=(-15.1,6.2,16.6) path=1 want= prompt=
[walk] t=605 beat=meal carry= seated= pos=(-15.1,6.2,16.6) path=1 want= prompt=
[day1a] autosave meal ok
[day1a] beat free t=622.6 h=13.0
[walk] t=623 beat=free carry= seated= pos=(-14.9,6.2,16.8) path=14 want= prompt=
[walk] t=640 beat=free carry= seated= pos=(-12.4,-0.2,24.0) path=5 want= prompt=
[walk] t=658 beat=free carry= seated= pos=(-7.0,0.3,13.4) path=1 want= prompt=
[walk] t=676 beat=free carry= seated= pos=(-4.8,-0.3,13.9) path=1 want= prompt=
[walk] t=694 beat=free carry=bucket seated= pos=(5.8,-0.3,13.6) path=10 want= prompt=
[walk] t=711 beat=free carry=bucket seated= pos=(-8.2,0.3,15.9) path=7 want= prompt=
[walk] t=729 beat=free carry=bucket seated= pos=(-16.3,-0.2,24.7) path=2 want= prompt=
[walk] t=748 beat=free carry= seated= pos=(-9.2,0.3,19.3) path=3 want= prompt=
[walk] t=766 beat=free carry= seated= pos=(-7.0,0.3,13.4) path=1 want= prompt=
[walk] t=784 beat=free carry= seated= pos=(-4.7,-0.2,13.9) path=1 want= prompt=
[walk] t=801 beat=free carry= seated= pos=(-4.7,-0.2,13.9) path=1 want= prompt=
[walk] t=819 beat=free carry= seated= pos=(-4.7,-0.2,13.9) path=1 want= prompt=
[walk] t=837 beat=free carry= seated= pos=(-4.7,-0.2,13.9) path=1 want= prompt=
[walk] t=854 beat=free carry= seated= pos=(-4.7,-0.2,13.9) path=1 want= prompt=
[walk] t=872 beat=free carry= seated= pos=(-4.7,-0.2,13.9) path=1 want= prompt=
[walk] t=889 beat=free carry= seated= pos=(-4.7,-0.2,13.9) path=1 want= prompt=
[walk] t=907 beat=free carry= seated= pos=(-4.7,-0.2,13.9) path=1 want= prompt=
[walk] t=925 beat=free carry= seated= pos=(-4.7,-0.2,13.9) path=1 want= prompt=
[walk] t=942 beat=free carry= seated= pos=(-4.7,-0.2,13.9) path=1 want= prompt=
[walk] t=960 beat=free carry= seated= pos=(-4.7,-0.2,13.9) path=1 want= prompt=
[walk] t=977 beat=free carry= seated= pos=(-4.7,-0.2,13.9) path=1 want= prompt=
[walk] t=995 beat=free carry= seated= pos=(-4.7,-0.2,13.9) path=1 want= prompt=
[walk] t=1013 beat=free carry= seated= pos=(-4.7,-0.2,13.9) path=1 want= prompt=
[day1a] beat nones t=1025.8 h=14.4
[walk] t=1031 beat=nones carry= seated= pos=(-4.7,-0.2,13.9) path=1 want= prompt=
[walk] t=1049 beat=nones carry= seated= pos=(5.1,-0.2,13.9) path=11 want= prompt=
[walk] t=1068 beat=nones carry= seated= pos=(18.1,0.3,5.7) path=6 want= prompt=
[walk] t=1086 beat=nones carry= seated= pos=(24.6,0.4,-2.5) path=1 want= prompt=
[walk] t=1105 beat=nones carry= seated= pos=(24.6,0.4,-2.5) path=1 want= prompt=
[walk] t=1123 beat=nones carry= seated= pos=(24.6,0.4,-2.5) path=1 want= prompt=
[walk] t=1141 beat=nones carry= seated= pos=(24.6,0.4,-2.5) path=1 want= prompt=
[walk] t=1159 beat=nones carry= seated= pos=(24.6,0.4,-2.5) path=1 want= prompt=
[walk] t=1177 beat=nones carry= seated= pos=(24.6,0.4,-2.5) path=1 want= prompt=
[walk] t=1195 beat=nones carry= seated= pos=(24.6,0.4,-2.5) path=1 want= prompt=
[day1a] beat after_nones t=1205.8 h=14.75
[walk] t=1213 beat=after_nones carry= seated= pos=(28.1,0.3,3.1) path=8 want= prompt=
[walk] t=1233 beat=after_nones carry=bucket seated= pos=(6.0,-0.3,13.7) path=10 want= prompt=
[walk] t=1250 beat=after_nones carry=bucket seated= pos=(-8.2,0.3,15.2) path=7 want= prompt=
[walk] t=1269 beat=after_nones carry=bucket seated= pos=(-15.9,-0.2,24.3) path=2 want= prompt=
[day1a] beat end t=1285.8 h=15.03
[day1a] autosave end ok
[walk] t=1287 beat=end carry= seated= pos=(-9.5,0.3,19.3) path=6 want= prompt=
[day1a] walk normal ended=true t=1288.8
WARNING: 26 ObjectDB instances were leaked at exit (run with `--verbose` for details).
   at: cleanup (core/object/object.cpp:2536)
ERROR: 12 resources still in use at exit (run with --verbose for details).
   at: clear (core/io/resource.cpp:822)
